build-and-test	Run iOS smoke test (Appium + local Simulator, no BrowserStack)	﻿2026-09-10T14:54:37.4551470Z ##[group]Run npx wdio run ./mobile/config/wdio.ios.conf.ts --spec mobile/specs/example/app-launch.spec.ts
build-and-test	Run iOS smoke test (Appium + local Simulator, no BrowserStack)	2026-09-10T14:54:37.4552260Z ^[[36;1mnpx wdio run ./mobile/config/wdio.ios.conf.ts --spec mobile/specs/example/app-launch.spec.ts^[[0m
build-and-test	Run iOS smoke test (Appium + local Simulator, no BrowserStack)	2026-09-10T14:54:37.5554100Z shell: /bin/bash -e {0}
build-and-test	Run iOS smoke test (Appium + local Simulator, no BrowserStack)	2026-09-10T14:54:37.5554340Z env:
build-and-test	Run iOS smoke test (Appium + local Simulator, no BrowserStack)	2026-09-10T14:54:37.5554560Z   MD_APPLE_SDK_ROOT: /Applications/Xcode_26.3.app
build-and-test	Run iOS smoke test (Appium + local Simulator, no BrowserStack)	2026-09-10T14:54:37.5555150Z   MOBILE_APP_PATH_IOS: build/Build/Products/Debug-iphonesimulator/vetify-qa.app
build-and-test	Run iOS smoke test (Appium + local Simulator, no BrowserStack)	2026-09-10T14:54:37.5555570Z   MOBILE_IOS_DEVICE_NAME: iPhone 16 Pro
build-and-test	Run iOS smoke test (Appium + local Simulator, no BrowserStack)	2026-09-10T14:54:37.5555800Z   MOBILE_IOS_PLATFORM_VERSION: 18.5
build-and-test	Run iOS smoke test (Appium + local Simulator, no BrowserStack)	2026-09-10T14:54:37.5556020Z   APP_ENV: qa
build-and-test	Run iOS smoke test (Appium + local Simulator, no BrowserStack)	2026-09-10T14:54:37.5556270Z   AUTH_API_BASE_URL: https://ike-webapp-staging.us.auth0.com
build-and-test	Run iOS smoke test (Appium + local Simulator, no BrowserStack)	2026-09-10T14:54:37.5556620Z   VETIFY_WEBAPP_BASE_URL: https://vetify-qa.ikeapp.com
build-and-test	Run iOS smoke test (Appium + local Simulator, no BrowserStack)	2026-09-10T14:54:37.5556960Z   VETIFY_INSTITUTIONAL_BASE_URL: https://qa.vetify.com.ar
build-and-test	Run iOS smoke test (Appium + local Simulator, no BrowserStack)	2026-09-10T14:54:37.5557410Z   OSDE_CAPITADO_INSTITUTIONAL_BASE_URL: https://qa.vetify.com.ar/osde
build-and-test	Run iOS smoke test (Appium + local Simulator, no BrowserStack)	2026-09-10T14:54:37.5557900Z   OSDE_ADQUIRENTE_INSTITUTIONAL_BASE_URL: https://qa.vetify.com.ar/mas-osde-beneficios
build-and-test	Run iOS smoke test (Appium + local Simulator, no BrowserStack)	2026-09-10T14:54:37.5558350Z   FLUX_CAPITADO_INSTITUTIONAL_BASE_URL: https://qa.vetify.com.ar/flux
build-and-test	Run iOS smoke test (Appium + local Simulator, no BrowserStack)	2026-09-10T14:54:37.5558730Z   IKE_WEBAPP_BASE_URL: https://ikeargentina-qa.ikeapp.com
build-and-test	Run iOS smoke test (Appium + local Simulator, no BrowserStack)	2026-09-10T14:54:37.5559020Z ##[endgroup]
build-and-test	Run iOS smoke test (Appium + local Simulator, no BrowserStack)	2026-09-10T14:54:39.1115860Z 2026-09-10T14:54:39.110Z INFO @wdio/cli:launcher: Run onPrepare hook
build-and-test	Run iOS smoke test (Appium + local Simulator, no BrowserStack)	2026-09-10T14:54:39.1207360Z 2026-09-10T14:54:39.120Z INFO @wdio/appium-service: Will spawn Appium process: appium --base-path / --log-level debug --port 4723
build-and-test	Run iOS smoke test (Appium + local Simulator, no BrowserStack)	2026-09-10T14:54:41.0192310Z 2026-09-10T14:54:41.018Z INFO @wdio/appium-service: Appium started with ID: 4728
build-and-test	Run iOS smoke test (Appium + local Simulator, no BrowserStack)	2026-09-10T14:54:41.0193580Z 2026-09-10T14:54:41.019Z INFO @wdio/appium-service: Appium logs written to stdout
build-and-test	Run iOS smoke test (Appium + local Simulator, no BrowserStack)	2026-09-10T14:54:41.0200940Z 
build-and-test	Run iOS smoke test (Appium + local Simulator, no BrowserStack)	2026-09-10T14:54:41.0201480Z Execution of 1 workers started at 2026-09-10T14:54:41.019Z
build-and-test	Run iOS smoke test (Appium + local Simulator, no BrowserStack)	2026-09-10T14:54:41.0201960Z 
build-and-test	Run iOS smoke test (Appium + local Simulator, no BrowserStack)	2026-09-10T14:54:41.0207000Z 2026-09-10T14:54:41.020Z INFO @wdio/cli:launcher: Run onWorkerStart hook
build-and-test	Run iOS smoke test (Appium + local Simulator, no BrowserStack)	2026-09-10T14:54:41.0208690Z 2026-09-10T14:54:41.020Z INFO @wdio/xvfb: XvfbManager.init() called
build-and-test	Run iOS smoke test (Appium + local Simulator, no BrowserStack)	2026-09-10T14:54:41.0210710Z 2026-09-10T14:54:41.020Z INFO @wdio/xvfb: Xvfb not needed on current platform
build-and-test	Run iOS smoke test (Appium + local Simulator, no BrowserStack)	2026-09-10T14:54:41.0217320Z 2026-09-10T14:54:41.021Z INFO @wdio/local-runner: Start worker 0-0 with arg: run ./mobile/config/wdio.ios.conf.ts --spec mobile/specs/example/app-launch.spec.ts
build-and-test	Run iOS smoke test (Appium + local Simulator, no BrowserStack)	2026-09-10T14:54:41.0330230Z 2026-09-10T14:54:41.032Z INFO @wdio/xvfb:ProcessFactory: xvfb-run not found, falling back to regular fork
build-and-test	Run iOS smoke test (Appium + local Simulator, no BrowserStack)	2026-09-10T14:54:41.0331180Z 2026-09-10T14:54:41.032Z INFO @wdio/xvfb:ProcessFactory: ProcessFactory: shouldRun=false, isAvailable=false
build-and-test	Run iOS smoke test (Appium + local Simulator, no BrowserStack)	2026-09-10T14:54:41.0332040Z 2026-09-10T14:54:41.033Z INFO @wdio/xvfb:ProcessFactory: Creating worker process with regular fork
build-and-test	Run iOS smoke test (Appium + local Simulator, no BrowserStack)	2026-09-10T14:54:41.7782450Z [0-0] 2026-09-10T14:54:41.776Z INFO @wdio/local-runner: Run worker command: run
build-and-test	Run iOS smoke test (Appium + local Simulator, no BrowserStack)	2026-09-10T14:54:42.1182100Z [0-0] RUNNING in iOS(18.5) on iOS - file:///mobile/specs/example/app-launch.spec.ts
build-and-test	Run iOS smoke test (Appium + local Simulator, no BrowserStack)	2026-09-10T14:54:42.1191000Z [0-0] 2026-09-10T14:54:42.118Z INFO webdriver: Initiate new session using the WebDriver protocol
build-and-test	Run iOS smoke test (Appium + local Simulator, no BrowserStack)	2026-09-10T14:54:42.1192980Z [0-0] 2026-09-10T14:54:42.118Z INFO @wdio/utils: Connecting to existing driver at http://127.0.0.1:4723/
build-and-test	Run iOS smoke test (Appium + local Simulator, no BrowserStack)	2026-09-10T14:54:42.1264220Z [0-0] 2026-09-10T14:54:42.125Z INFO webdriver: [POST] http://127.0.0.1:4723/session
build-and-test	Run iOS smoke test (Appium + local Simulator, no BrowserStack)	2026-09-10T15:00:03.7816620Z [0-0] 2026-09-10T15:00:03.775Z INFO webdriver: The standard Appium `contexts` method is used. If you want to get more detailed data, you can set `returnDetailedContexts` to `true`.
build-and-test	Run iOS smoke test (Appium + local Simulator, no BrowserStack)	2026-09-10T15:00:03.7998550Z [0-0] 2026-09-10T15:00:03.779Z INFO webdriver: COMMAND getAppiumContexts()
build-and-test	Run iOS smoke test (Appium + local Simulator, no BrowserStack)	2026-09-10T15:00:03.8112690Z [0-0] 2026-09-10T15:00:03.780Z INFO webdriver: [GET] http://127.0.0.1:4723/session/9e88bf53-baa3-4415-8a01-00724269cd17/contexts
build-and-test	Run iOS smoke test (Appium + local Simulator, no BrowserStack)	2026-09-10T15:00:14.4955000Z [0-0] 2026-09-10T15:00:14.484Z INFO webdriver: RESULT [ 'NATIVE_APP' ]
build-and-test	Run iOS smoke test (Appium + local Simulator, no BrowserStack)	2026-09-10T15:00:14.5191250Z [0-0] 2026-09-10T15:00:14.493Z INFO webdriver: The standard Appium `contexts` method is used. If you want to get more detailed data, you can set `returnDetailedContexts` to `true`.
build-and-test	Run iOS smoke test (Appium + local Simulator, no BrowserStack)	2026-09-10T15:00:14.5293860Z [0-0] 2026-09-10T15:00:14.493Z INFO webdriver: COMMAND getAppiumContexts()
build-and-test	Run iOS smoke test (Appium + local Simulator, no BrowserStack)	2026-09-10T15:00:14.5294850Z [0-0] 2026-09-10T15:00:14.494Z INFO webdriver: [GET] http://127.0.0.1:4723/session/9e88bf53-baa3-4415-8a01-00724269cd17/contexts
build-and-test	Run iOS smoke test (Appium + local Simulator, no BrowserStack)	2026-09-10T15:00:24.1520410Z [0-0] 2026-09-10T15:00:24.149Z INFO webdriver: RESULT [ 'NATIVE_APP' ]
build-and-test	Run iOS smoke test (Appium + local Simulator, no BrowserStack)	2026-09-10T15:00:24.1624760Z [0-0] 2026-09-10T15:00:24.154Z INFO webdriver: The standard Appium `contexts` method is used. If you want to get more detailed data, you can set `returnDetailedContexts` to `true`.
build-and-test	Run iOS smoke test (Appium + local Simulator, no BrowserStack)	2026-09-10T15:00:24.1725480Z [0-0] 2026-09-10T15:00:24.155Z INFO webdriver: COMMAND getAppiumContexts()
build-and-test	Run iOS smoke test (Appium + local Simulator, no BrowserStack)	2026-09-10T15:00:24.2073190Z [0-0] 2026-09-10T15:00:24.155Z INFO webdriver: [GET] http://127.0.0.1:4723/session/9e88bf53-baa3-4415-8a01-00724269cd17/contexts
build-and-test	Run iOS smoke test (Appium + local Simulator, no BrowserStack)	2026-09-10T15:00:33.8312750Z [0-0] 2026-09-10T15:00:33.826Z INFO webdriver: RESULT [ 'NATIVE_APP' ]
build-and-test	Run iOS smoke test (Appium + local Simulator, no BrowserStack)	2026-09-10T15:00:33.8400680Z [0-0] 2026-09-10T15:00:33.829Z INFO webdriver: The standard Appium `contexts` method is used. If you want to get more detailed data, you can set `returnDetailedContexts` to `true`.
build-and-test	Run iOS smoke test (Appium + local Simulator, no BrowserStack)	2026-09-10T15:00:33.8754690Z [0-0] 2026-09-10T15:00:33.829Z INFO webdriver: COMMAND getAppiumContexts()
build-and-test	Run iOS smoke test (Appium + local Simulator, no BrowserStack)	2026-09-10T15:00:33.8913800Z [0-0] 2026-09-10T15:00:33.830Z INFO webdriver: [GET] http://127.0.0.1:4723/session/9e88bf53-baa3-4415-8a01-00724269cd17/contexts
build-and-test	Run iOS smoke test (Appium + local Simulator, no BrowserStack)	2026-09-10T15:00:43.4544820Z [0-0] 2026-09-10T15:00:43.445Z INFO webdriver: RESULT [ 'NATIVE_APP' ]
build-and-test	Run iOS smoke test (Appium + local Simulator, no BrowserStack)	2026-09-10T15:00:43.4648390Z [0-0] 2026-09-10T15:00:43.449Z INFO webdriver: The standard Appium `contexts` method is used. If you want to get more detailed data, you can set `returnDetailedContexts` to `true`.
build-and-test	Run iOS smoke test (Appium + local Simulator, no BrowserStack)	2026-09-10T15:00:43.4747700Z [0-0] 2026-09-10T15:00:43.450Z INFO webdriver: COMMAND getAppiumContexts()
build-and-test	Run iOS smoke test (Appium + local Simulator, no BrowserStack)	2026-09-10T15:00:43.4855210Z [0-0] 2026-09-10T15:00:43.450Z INFO webdriver: [GET] http://127.0.0.1:4723/session/9e88bf53-baa3-4415-8a01-00724269cd17/contexts
build-and-test	Run iOS smoke test (Appium + local Simulator, no BrowserStack)	2026-09-10T15:00:44.3908340Z [0-0] 2026-09-10T15:00:44.388Z INFO webdriver: The standard Appium `contexts` method is used. If you want to get more detailed data, you can set `returnDetailedContexts` to `true`.
build-and-test	Run iOS smoke test (Appium + local Simulator, no BrowserStack)	2026-09-10T15:00:44.4022740Z [0-0] 2026-09-10T15:00:44.389Z INFO webdriver: COMMAND getAppiumContexts()
build-and-test	Run iOS smoke test (Appium + local Simulator, no BrowserStack)	2026-09-10T15:00:44.4421570Z [0-0] 2026-09-10T15:00:44.389Z INFO webdriver: [GET] http://127.0.0.1:4723/session/9e88bf53-baa3-4415-8a01-00724269cd17/contexts
build-and-test	Run iOS smoke test (Appium + local Simulator, no BrowserStack)	2026-09-10T15:00:53.1379710Z [0-0] 2026-09-10T15:00:53.137Z INFO webdriver: RESULT [ 'NATIVE_APP' ]
build-and-test	Run iOS smoke test (Appium + local Simulator, no BrowserStack)	2026-09-10T15:01:03.1056610Z [0-0] 2026-09-10T15:01:03.060Z INFO webdriver: RESULT [ 'NATIVE_APP' ]
build-and-test	Run iOS smoke test (Appium + local Simulator, no BrowserStack)	2026-09-10T15:01:03.1273600Z [0-0] Error in "TS-01 Smoke.TC-02 - Mobile App - expone un contexto WEBVIEW sobre el sitio"
build-and-test	Run iOS smoke test (Appium + local Simulator, no BrowserStack)	2026-09-10T15:01:03.1358570Z Error: No aparecio ningun contexto WEBVIEW en 20s tras el launch
build-and-test	Run iOS smoke test (Appium + local Simulator, no BrowserStack)	2026-09-10T15:01:03.1366070Z     at async Context.<anonymous> (/Users/runner/work/mobile/mobile/mobile/specs/example/app-launch.spec.ts:20:9)
build-and-test	Run iOS smoke test (Appium + local Simulator, no BrowserStack)	2026-09-10T15:01:03.1549920Z [0-0] 2026-09-10T15:01:03.151Z INFO webdriver: COMMAND deleteSession()
build-and-test	Run iOS smoke test (Appium + local Simulator, no BrowserStack)	2026-09-10T15:01:03.1556050Z [0-0] 2026-09-10T15:01:03.153Z INFO webdriver: [DELETE] http://127.0.0.1:4723/session/9e88bf53-baa3-4415-8a01-00724269cd17
build-and-test	Run iOS smoke test (Appium + local Simulator, no BrowserStack)	2026-09-10T15:01:04.3391320Z [0-0] 2026-09-10T15:01:04.336Z INFO webdriver: RESULT null
build-and-test	Run iOS smoke test (Appium + local Simulator, no BrowserStack)	2026-09-10T15:01:04.5359090Z [0-0] FAILED in iOS(18.5) on iOS - file:///mobile/specs/example/app-launch.spec.ts
build-and-test	Run iOS smoke test (Appium + local Simulator, no BrowserStack)	2026-09-10T15:01:04.5368510Z 2026-09-10T15:01:04.536Z INFO @wdio/cli:launcher: Run onWorkerEnd hook
build-and-test	Run iOS smoke test (Appium + local Simulator, no BrowserStack)	2026-09-10T15:01:04.5376730Z 
build-and-test	Run iOS smoke test (Appium + local Simulator, no BrowserStack)	2026-09-10T15:01:04.5377290Z  "spec" Reporter:
build-and-test	Run iOS smoke test (Appium + local Simulator, no BrowserStack)	2026-09-10T15:01:04.5377900Z ------------------------------------------------------------------
build-and-test	Run iOS smoke test (Appium + local Simulator, no BrowserStack)	2026-09-10T15:01:04.5379310Z [build/Build/Products/Debug-iphonesimulator/vetify-qa.app iOS #0-0] Running: build/Build/Products/Debug-iphonesimulator/vetify-qa.app on iOS
build-and-test	Run iOS smoke test (Appium + local Simulator, no BrowserStack)	2026-09-10T15:01:04.5396000Z [build/Build/Products/Debug-iphonesimulator/vetify-qa.app iOS #0-0] Session ID: 9e88bf53-baa3-4415-8a01-00724269cd17
build-and-test	Run iOS smoke test (Appium + local Simulator, no BrowserStack)	2026-09-10T15:01:04.5396990Z [build/Build/Products/Debug-iphonesimulator/vetify-qa.app iOS #0-0]
build-and-test	Run iOS smoke test (Appium + local Simulator, no BrowserStack)	2026-09-10T15:01:04.5418510Z [build/Build/Products/Debug-iphonesimulator/vetify-qa.app iOS #0-0] » mobile/specs/example/app-launch.spec.ts
build-and-test	Run iOS smoke test (Appium + local Simulator, no BrowserStack)	2026-09-10T15:01:04.5421140Z [build/Build/Products/Debug-iphonesimulator/vetify-qa.app iOS #0-0] TS-01 Smoke
build-and-test	Run iOS smoke test (Appium + local Simulator, no BrowserStack)	2026-09-10T15:01:04.5458520Z [build/Build/Products/Debug-iphonesimulator/vetify-qa.app iOS #0-0]    ✓ TC-01 - Mobile App - instala y abre la app en el dispositivo
build-and-test	Run iOS smoke test (Appium + local Simulator, no BrowserStack)	2026-09-10T15:01:04.5463650Z [build/Build/Products/Debug-iphonesimulator/vetify-qa.app iOS #0-0]    ✖ TC-02 - Mobile App - expone un contexto WEBVIEW sobre el sitio
build-and-test	Run iOS smoke test (Appium + local Simulator, no BrowserStack)	2026-09-10T15:01:04.5465830Z [build/Build/Products/Debug-iphonesimulator/vetify-qa.app iOS #0-0]
build-and-test	Run iOS smoke test (Appium + local Simulator, no BrowserStack)	2026-09-10T15:01:04.5468430Z [build/Build/Products/Debug-iphonesimulator/vetify-qa.app iOS #0-0] 1 passing (1m 0.6s)
build-and-test	Run iOS smoke test (Appium + local Simulator, no BrowserStack)	2026-09-10T15:01:04.5470290Z [build/Build/Products/Debug-iphonesimulator/vetify-qa.app iOS #0-0] 1 failing
build-and-test	Run iOS smoke test (Appium + local Simulator, no BrowserStack)	2026-09-10T15:01:04.5471990Z [build/Build/Products/Debug-iphonesimulator/vetify-qa.app iOS #0-0]
build-and-test	Run iOS smoke test (Appium + local Simulator, no BrowserStack)	2026-09-10T15:01:04.5474370Z [build/Build/Products/Debug-iphonesimulator/vetify-qa.app iOS #0-0] 1) TS-01 Smoke TC-02 - Mobile App - expone un contexto WEBVIEW sobre el sitio
build-and-test	Run iOS smoke test (Appium + local Simulator, no BrowserStack)	2026-09-10T15:01:04.5485050Z [build/Build/Products/Debug-iphonesimulator/vetify-qa.app iOS #0-0] No aparecio ningun contexto WEBVIEW en 20s tras el launch
build-and-test	Run iOS smoke test (Appium + local Simulator, no BrowserStack)	2026-09-10T15:01:04.5488250Z [build/Build/Products/Debug-iphonesimulator/vetify-qa.app iOS #0-0] Error: No aparecio ningun contexto WEBVIEW en 20s tras el launch
build-and-test	Run iOS smoke test (Appium + local Simulator, no BrowserStack)	2026-09-10T15:01:04.5491460Z [build/Build/Products/Debug-iphonesimulator/vetify-qa.app iOS #0-0]     at async Context.<anonymous> (/Users/runner/work/mobile/mobile/mobile/specs/example/app-launch.spec.ts:20:9)
build-and-test	Run iOS smoke test (Appium + local Simulator, no BrowserStack)	2026-09-10T15:01:04.5493190Z 
build-and-test	Run iOS smoke test (Appium + local Simulator, no BrowserStack)	2026-09-10T15:01:04.5493200Z 
build-and-test	Run iOS smoke test (Appium + local Simulator, no BrowserStack)	2026-09-10T15:01:04.5494200Z Spec Files:	 0 passed, 1 failed, 1 total (100% completed) in 00:06:23  
build-and-test	Run iOS smoke test (Appium + local Simulator, no BrowserStack)	2026-09-10T15:01:04.5494900Z 
build-and-test	Run iOS smoke test (Appium + local Simulator, no BrowserStack)	2026-09-10T15:01:04.5496340Z 2026-09-10T15:01:04.538Z INFO @wdio/local-runner: Shutting down spawned worker
build-and-test	Run iOS smoke test (Appium + local Simulator, no BrowserStack)	2026-09-10T15:01:04.7925260Z 2026-09-10T15:01:04.792Z INFO @wdio/local-runner: Waiting for 0 to shut down gracefully
build-and-test	Run iOS smoke test (Appium + local Simulator, no BrowserStack)	2026-09-10T15:01:04.7939220Z 2026-09-10T15:01:04.792Z INFO @wdio/local-runner: shutting down
build-and-test	Run iOS smoke test (Appium + local Simulator, no BrowserStack)	2026-09-10T15:01:04.7941740Z 2026-09-10T15:01:04.792Z INFO @wdio/cli:launcher: Run onComplete hook
build-and-test	Run iOS smoke test (Appium + local Simulator, no BrowserStack)	2026-09-10T15:01:04.7951320Z 2026-09-10T15:01:04.794Z INFO @wdio/appium-service: Killing entire Appium tree
build-and-test	Run iOS smoke test (Appium + local Simulator, no BrowserStack)	2026-09-10T15:01:05.0309230Z 2026-09-10T15:01:05.020Z INFO @wdio/appium-service: Process and its children successfully terminated
build-and-test	Run iOS smoke test (Appium + local Simulator, no BrowserStack)	2026-09-10T15:01:05.3759310Z ##[error]Process completed with exit code 1.
