build-and-test	Run iOS smoke test (Appium + local Simulator, no BrowserStack)	﻿2026-09-10T15:06:06.4999440Z ##[group]Run npx wdio run ./mobile/config/wdio.ios.conf.ts --spec mobile/specs/example/app-launch.spec.ts
build-and-test	Run iOS smoke test (Appium + local Simulator, no BrowserStack)	2026-09-10T15:06:06.5000070Z ^[[36;1mnpx wdio run ./mobile/config/wdio.ios.conf.ts --spec mobile/specs/example/app-launch.spec.ts^[[0m
build-and-test	Run iOS smoke test (Appium + local Simulator, no BrowserStack)	2026-09-10T15:06:06.5039080Z shell: /bin/bash -e {0}
build-and-test	Run iOS smoke test (Appium + local Simulator, no BrowserStack)	2026-09-10T15:06:06.5039330Z env:
build-and-test	Run iOS smoke test (Appium + local Simulator, no BrowserStack)	2026-09-10T15:06:06.5039540Z   MD_APPLE_SDK_ROOT: /Applications/Xcode_26.3.app
build-and-test	Run iOS smoke test (Appium + local Simulator, no BrowserStack)	2026-09-10T15:06:06.5039970Z   MOBILE_APP_PATH_IOS: build/Build/Products/Debug-iphonesimulator/vetify-qa.app
build-and-test	Run iOS smoke test (Appium + local Simulator, no BrowserStack)	2026-09-10T15:06:06.5040410Z   MOBILE_IOS_DEVICE_NAME: iPhone 16 Pro
build-and-test	Run iOS smoke test (Appium + local Simulator, no BrowserStack)	2026-09-10T15:06:06.5040650Z   MOBILE_IOS_PLATFORM_VERSION: 18.5
build-and-test	Run iOS smoke test (Appium + local Simulator, no BrowserStack)	2026-09-10T15:06:06.5040860Z   APP_ENV: qa
build-and-test	Run iOS smoke test (Appium + local Simulator, no BrowserStack)	2026-09-10T15:06:06.5041120Z   AUTH_API_BASE_URL: https://ike-webapp-staging.us.auth0.com
build-and-test	Run iOS smoke test (Appium + local Simulator, no BrowserStack)	2026-09-10T15:06:06.5041450Z   VETIFY_WEBAPP_BASE_URL: https://vetify-qa.ikeapp.com
build-and-test	Run iOS smoke test (Appium + local Simulator, no BrowserStack)	2026-09-10T15:06:06.5041800Z   VETIFY_INSTITUTIONAL_BASE_URL: https://qa.vetify.com.ar
build-and-test	Run iOS smoke test (Appium + local Simulator, no BrowserStack)	2026-09-10T15:06:06.5042160Z   OSDE_CAPITADO_INSTITUTIONAL_BASE_URL: https://qa.vetify.com.ar/osde
build-and-test	Run iOS smoke test (Appium + local Simulator, no BrowserStack)	2026-09-10T15:06:06.5042650Z   OSDE_ADQUIRENTE_INSTITUTIONAL_BASE_URL: https://qa.vetify.com.ar/mas-osde-beneficios
build-and-test	Run iOS smoke test (Appium + local Simulator, no BrowserStack)	2026-09-10T15:06:06.5043090Z   FLUX_CAPITADO_INSTITUTIONAL_BASE_URL: https://qa.vetify.com.ar/flux
build-and-test	Run iOS smoke test (Appium + local Simulator, no BrowserStack)	2026-09-10T15:06:06.5043450Z   IKE_WEBAPP_BASE_URL: https://ikeargentina-qa.ikeapp.com
build-and-test	Run iOS smoke test (Appium + local Simulator, no BrowserStack)	2026-09-10T15:06:06.5043700Z ##[endgroup]
build-and-test	Run iOS smoke test (Appium + local Simulator, no BrowserStack)	2026-09-10T15:06:07.6170530Z 2026-09-10T15:06:07.616Z INFO @wdio/cli:launcher: Run onPrepare hook
build-and-test	Run iOS smoke test (Appium + local Simulator, no BrowserStack)	2026-09-10T15:06:07.6251600Z 2026-09-10T15:06:07.624Z INFO @wdio/appium-service: Will spawn Appium process: appium --base-path / --log-level debug --port 4723
build-and-test	Run iOS smoke test (Appium + local Simulator, no BrowserStack)	2026-09-10T15:06:08.9919090Z 2026-09-10T15:06:08.991Z INFO @wdio/appium-service: Appium started with ID: 3651
build-and-test	Run iOS smoke test (Appium + local Simulator, no BrowserStack)	2026-09-10T15:06:08.9919980Z 2026-09-10T15:06:08.991Z INFO @wdio/appium-service: Appium logs written to stdout
build-and-test	Run iOS smoke test (Appium + local Simulator, no BrowserStack)	2026-09-10T15:06:08.9923990Z 
build-and-test	Run iOS smoke test (Appium + local Simulator, no BrowserStack)	2026-09-10T15:06:08.9924360Z Execution of 1 workers started at 2026-09-10T15:06:08.992Z
build-and-test	Run iOS smoke test (Appium + local Simulator, no BrowserStack)	2026-09-10T15:06:08.9924680Z 
build-and-test	Run iOS smoke test (Appium + local Simulator, no BrowserStack)	2026-09-10T15:06:08.9928770Z 2026-09-10T15:06:08.992Z INFO @wdio/cli:launcher: Run onWorkerStart hook
build-and-test	Run iOS smoke test (Appium + local Simulator, no BrowserStack)	2026-09-10T15:06:08.9929970Z 2026-09-10T15:06:08.992Z INFO @wdio/xvfb: XvfbManager.init() called
build-and-test	Run iOS smoke test (Appium + local Simulator, no BrowserStack)	2026-09-10T15:06:08.9931010Z 2026-09-10T15:06:08.993Z INFO @wdio/xvfb: Xvfb not needed on current platform
build-and-test	Run iOS smoke test (Appium + local Simulator, no BrowserStack)	2026-09-10T15:06:08.9937430Z 2026-09-10T15:06:08.993Z INFO @wdio/local-runner: Start worker 0-0 with arg: run ./mobile/config/wdio.ios.conf.ts --spec mobile/specs/example/app-launch.spec.ts
build-and-test	Run iOS smoke test (Appium + local Simulator, no BrowserStack)	2026-09-10T15:06:09.0030040Z 2026-09-10T15:06:09.002Z INFO @wdio/xvfb:ProcessFactory: xvfb-run not found, falling back to regular fork
build-and-test	Run iOS smoke test (Appium + local Simulator, no BrowserStack)	2026-09-10T15:06:09.0032320Z 2026-09-10T15:06:09.002Z INFO @wdio/xvfb:ProcessFactory: ProcessFactory: shouldRun=false, isAvailable=false
build-and-test	Run iOS smoke test (Appium + local Simulator, no BrowserStack)	2026-09-10T15:06:09.0033730Z 2026-09-10T15:06:09.002Z INFO @wdio/xvfb:ProcessFactory: Creating worker process with regular fork
build-and-test	Run iOS smoke test (Appium + local Simulator, no BrowserStack)	2026-09-10T15:06:09.5846710Z [0-0] 2026-09-10T15:06:09.582Z INFO @wdio/local-runner: Run worker command: run
build-and-test	Run iOS smoke test (Appium + local Simulator, no BrowserStack)	2026-09-10T15:06:09.8109500Z [0-0] RUNNING in iOS(18.5) on iOS - file:///mobile/specs/example/app-launch.spec.ts
build-and-test	Run iOS smoke test (Appium + local Simulator, no BrowserStack)	2026-09-10T15:06:09.8115620Z [0-0] 2026-09-10T15:06:09.811Z INFO webdriver: Initiate new session using the WebDriver protocol
build-and-test	Run iOS smoke test (Appium + local Simulator, no BrowserStack)	2026-09-10T15:06:09.8117060Z [0-0] 2026-09-10T15:06:09.811Z INFO @wdio/utils: Connecting to existing driver at http://127.0.0.1:4723/
build-and-test	Run iOS smoke test (Appium + local Simulator, no BrowserStack)	2026-09-10T15:06:09.8184200Z [0-0] 2026-09-10T15:06:09.818Z INFO webdriver: [POST] http://127.0.0.1:4723/session
build-and-test	Run iOS smoke test (Appium + local Simulator, no BrowserStack)	2026-09-10T15:10:28.2132830Z [0-0] 2026-09-10T15:10:28.202Z INFO webdriver: The standard Appium `contexts` method is used. If you want to get more detailed data, you can set `returnDetailedContexts` to `true`.
build-and-test	Run iOS smoke test (Appium + local Simulator, no BrowserStack)	2026-09-10T15:10:28.2271650Z [0-0] 2026-09-10T15:10:28.203Z INFO webdriver: COMMAND getAppiumContexts()
build-and-test	Run iOS smoke test (Appium + local Simulator, no BrowserStack)	2026-09-10T15:10:28.2380290Z [0-0] 2026-09-10T15:10:28.204Z INFO webdriver: [GET] http://127.0.0.1:4723/session/9625210d-a357-48d3-9b0c-6d4b92e7e9f3/contexts
build-and-test	Run iOS smoke test (Appium + local Simulator, no BrowserStack)	2026-09-10T15:10:41.6076810Z [0-0] 2026-09-10T15:10:41.587Z INFO webdriver: RESULT [ 'NATIVE_APP' ]
build-and-test	Run iOS smoke test (Appium + local Simulator, no BrowserStack)	2026-09-10T15:10:41.6234040Z [0-0] 2026-09-10T15:10:41.607Z INFO webdriver: The standard Appium `contexts` method is used. If you want to get more detailed data, you can set `returnDetailedContexts` to `true`.
build-and-test	Run iOS smoke test (Appium + local Simulator, no BrowserStack)	2026-09-10T15:10:41.6361860Z [0-0] 2026-09-10T15:10:41.608Z INFO webdriver: COMMAND getAppiumContexts()
build-and-test	Run iOS smoke test (Appium + local Simulator, no BrowserStack)	2026-09-10T15:10:41.6463640Z [0-0] 2026-09-10T15:10:41.609Z INFO webdriver: [GET] http://127.0.0.1:4723/session/9625210d-a357-48d3-9b0c-6d4b92e7e9f3/contexts
build-and-test	Run iOS smoke test (Appium + local Simulator, no BrowserStack)	2026-09-10T15:10:51.2727660Z [0-0] 2026-09-10T15:10:51.247Z INFO webdriver: RESULT [ 'NATIVE_APP' ]
build-and-test	Run iOS smoke test (Appium + local Simulator, no BrowserStack)	2026-09-10T15:10:51.3195430Z [0-0] 2026-09-10T15:10:51.286Z INFO webdriver: The standard Appium `contexts` method is used. If you want to get more detailed data, you can set `returnDetailedContexts` to `true`.
build-and-test	Run iOS smoke test (Appium + local Simulator, no BrowserStack)	2026-09-10T15:10:51.3358070Z [0-0] 2026-09-10T15:10:51.288Z INFO webdriver: COMMAND getAppiumContexts()
build-and-test	Run iOS smoke test (Appium + local Simulator, no BrowserStack)	2026-09-10T15:10:51.3362560Z [0-0] 2026-09-10T15:10:51.290Z INFO webdriver: [GET] http://127.0.0.1:4723/session/9625210d-a357-48d3-9b0c-6d4b92e7e9f3/contexts
build-and-test	Run iOS smoke test (Appium + local Simulator, no BrowserStack)	2026-09-10T15:11:00.9267690Z [0-0] 2026-09-10T15:11:00.925Z INFO webdriver: RESULT [ 'NATIVE_APP' ]
build-and-test	Run iOS smoke test (Appium + local Simulator, no BrowserStack)	2026-09-10T15:11:00.9369760Z [0-0] 2026-09-10T15:11:00.926Z INFO webdriver: The standard Appium `contexts` method is used. If you want to get more detailed data, you can set `returnDetailedContexts` to `true`.
build-and-test	Run iOS smoke test (Appium + local Simulator, no BrowserStack)	2026-09-10T15:11:00.9519080Z [0-0] 2026-09-10T15:11:00.927Z INFO webdriver: COMMAND getAppiumContexts()
build-and-test	Run iOS smoke test (Appium + local Simulator, no BrowserStack)	2026-09-10T15:11:00.9663570Z [0-0] 2026-09-10T15:11:00.927Z INFO webdriver: [GET] http://127.0.0.1:4723/session/9625210d-a357-48d3-9b0c-6d4b92e7e9f3/contexts
build-and-test	Run iOS smoke test (Appium + local Simulator, no BrowserStack)	2026-09-10T15:11:10.5929570Z [0-0] 2026-09-10T15:11:10.591Z INFO webdriver: RESULT [ 'NATIVE_APP' ]
build-and-test	Run iOS smoke test (Appium + local Simulator, no BrowserStack)	2026-09-10T15:11:10.6317080Z [0-0] 2026-09-10T15:11:10.594Z INFO webdriver: The standard Appium `contexts` method is used. If you want to get more detailed data, you can set `returnDetailedContexts` to `true`.
build-and-test	Run iOS smoke test (Appium + local Simulator, no BrowserStack)	2026-09-10T15:11:10.6422950Z [0-0] 2026-09-10T15:11:10.595Z INFO webdriver: COMMAND getAppiumContexts()
build-and-test	Run iOS smoke test (Appium + local Simulator, no BrowserStack)	2026-09-10T15:11:10.6631590Z [0-0] 2026-09-10T15:11:10.595Z INFO webdriver: [GET] http://127.0.0.1:4723/session/9625210d-a357-48d3-9b0c-6d4b92e7e9f3/contexts
build-and-test	Run iOS smoke test (Appium + local Simulator, no BrowserStack)	2026-09-10T15:11:11.5327130Z [0-0] 2026-09-10T15:11:11.524Z INFO webdriver: The standard Appium `contexts` method is used. If you want to get more detailed data, you can set `returnDetailedContexts` to `true`.
build-and-test	Run iOS smoke test (Appium + local Simulator, no BrowserStack)	2026-09-10T15:11:11.5518100Z [0-0] 2026-09-10T15:11:11.528Z INFO webdriver: COMMAND getAppiumContexts()
build-and-test	Run iOS smoke test (Appium + local Simulator, no BrowserStack)	2026-09-10T15:11:11.5620530Z [0-0] 2026-09-10T15:11:11.531Z INFO webdriver: [GET] http://127.0.0.1:4723/session/9625210d-a357-48d3-9b0c-6d4b92e7e9f3/contexts
build-and-test	Run iOS smoke test (Appium + local Simulator, no BrowserStack)	2026-09-10T15:11:20.3265670Z [0-0] 2026-09-10T15:11:20.321Z INFO webdriver: RESULT [ 'NATIVE_APP' ]
build-and-test	Run iOS smoke test (Appium + local Simulator, no BrowserStack)	2026-09-10T15:11:29.9554510Z [0-0] 2026-09-10T15:11:29.948Z INFO webdriver: RESULT [ 'NATIVE_APP' ]
build-and-test	Run iOS smoke test (Appium + local Simulator, no BrowserStack)	2026-09-10T15:11:29.9657610Z [0-0] Error in "TS-01 Smoke.TC-02 - Mobile App - expone un contexto WEBVIEW sobre el sitio"
build-and-test	Run iOS smoke test (Appium + local Simulator, no BrowserStack)	2026-09-10T15:11:30.5611110Z Error: No aparecio ningun contexto WEBVIEW en 20s tras el launch
build-and-test	Run iOS smoke test (Appium + local Simulator, no BrowserStack)	2026-09-10T15:11:30.6054910Z     at async Context.<anonymous> (/Users/runner/work/mobile/mobile/mobile/specs/example/app-launch.spec.ts:20:9)
build-and-test	Run iOS smoke test (Appium + local Simulator, no BrowserStack)	2026-09-10T15:11:30.7165650Z [0-0] 2026-09-10T15:11:29.950Z INFO webdriver: COMMAND deleteSession()
build-and-test	Run iOS smoke test (Appium + local Simulator, no BrowserStack)	2026-09-10T15:11:30.7403710Z [0-0] 2026-09-10T15:11:29.950Z INFO webdriver: [DELETE] http://127.0.0.1:4723/session/9625210d-a357-48d3-9b0c-6d4b92e7e9f3
build-and-test	Run iOS smoke test (Appium + local Simulator, no BrowserStack)	2026-09-10T15:11:31.0378810Z [0-0] 2026-09-10T15:11:31.034Z INFO webdriver: RESULT null
build-and-test	Run iOS smoke test (Appium + local Simulator, no BrowserStack)	2026-09-10T15:11:31.1782660Z [0-0] FAILED in iOS(18.5) on iOS - file:///mobile/specs/example/app-launch.spec.ts
build-and-test	Run iOS smoke test (Appium + local Simulator, no BrowserStack)	2026-09-10T15:11:31.1884470Z 2026-09-10T15:11:31.175Z INFO @wdio/cli:launcher: Run onWorkerEnd hook
build-and-test	Run iOS smoke test (Appium + local Simulator, no BrowserStack)	2026-09-10T15:11:31.1982360Z 
build-and-test	Run iOS smoke test (Appium + local Simulator, no BrowserStack)	2026-09-10T15:11:31.2083010Z  "spec" Reporter:
build-and-test	Run iOS smoke test (Appium + local Simulator, no BrowserStack)	2026-09-10T15:11:31.2184150Z ------------------------------------------------------------------
build-and-test	Run iOS smoke test (Appium + local Simulator, no BrowserStack)	2026-09-10T15:11:31.2285240Z [build/Build/Products/Debug-iphonesimulator/vetify-qa.app iOS #0-0] Running: build/Build/Products/Debug-iphonesimulator/vetify-qa.app on iOS
build-and-test	Run iOS smoke test (Appium + local Simulator, no BrowserStack)	2026-09-10T15:11:31.2386110Z [build/Build/Products/Debug-iphonesimulator/vetify-qa.app iOS #0-0] Session ID: 9625210d-a357-48d3-9b0c-6d4b92e7e9f3
build-and-test	Run iOS smoke test (Appium + local Simulator, no BrowserStack)	2026-09-10T15:11:31.2487040Z [build/Build/Products/Debug-iphonesimulator/vetify-qa.app iOS #0-0]
build-and-test	Run iOS smoke test (Appium + local Simulator, no BrowserStack)	2026-09-10T15:11:31.2714320Z [build/Build/Products/Debug-iphonesimulator/vetify-qa.app iOS #0-0] » mobile/specs/example/app-launch.spec.ts
build-and-test	Run iOS smoke test (Appium + local Simulator, no BrowserStack)	2026-09-10T15:11:31.2817230Z [build/Build/Products/Debug-iphonesimulator/vetify-qa.app iOS #0-0] TS-01 Smoke
build-and-test	Run iOS smoke test (Appium + local Simulator, no BrowserStack)	2026-09-10T15:11:31.2937580Z [build/Build/Products/Debug-iphonesimulator/vetify-qa.app iOS #0-0]    ✓ TC-01 - Mobile App - instala y abre la app en el dispositivo
build-and-test	Run iOS smoke test (Appium + local Simulator, no BrowserStack)	2026-09-10T15:11:31.3051520Z [build/Build/Products/Debug-iphonesimulator/vetify-qa.app iOS #0-0]    ✖ TC-02 - Mobile App - expone un contexto WEBVIEW sobre el sitio
build-and-test	Run iOS smoke test (Appium + local Simulator, no BrowserStack)	2026-09-10T15:11:31.3153280Z [build/Build/Products/Debug-iphonesimulator/vetify-qa.app iOS #0-0]
build-and-test	Run iOS smoke test (Appium + local Simulator, no BrowserStack)	2026-09-10T15:11:31.3253520Z [build/Build/Products/Debug-iphonesimulator/vetify-qa.app iOS #0-0] 1 passing (1m 3.8s)
build-and-test	Run iOS smoke test (Appium + local Simulator, no BrowserStack)	2026-09-10T15:11:31.3354110Z [build/Build/Products/Debug-iphonesimulator/vetify-qa.app iOS #0-0] 1 failing
build-and-test	Run iOS smoke test (Appium + local Simulator, no BrowserStack)	2026-09-10T15:11:31.3456130Z [build/Build/Products/Debug-iphonesimulator/vetify-qa.app iOS #0-0]
build-and-test	Run iOS smoke test (Appium + local Simulator, no BrowserStack)	2026-09-10T15:11:31.3556890Z [build/Build/Products/Debug-iphonesimulator/vetify-qa.app iOS #0-0] 1) TS-01 Smoke TC-02 - Mobile App - expone un contexto WEBVIEW sobre el sitio
build-and-test	Run iOS smoke test (Appium + local Simulator, no BrowserStack)	2026-09-10T15:11:31.3657560Z [build/Build/Products/Debug-iphonesimulator/vetify-qa.app iOS #0-0] No aparecio ningun contexto WEBVIEW en 20s tras el launch
build-and-test	Run iOS smoke test (Appium + local Simulator, no BrowserStack)	2026-09-10T15:11:31.3759420Z [build/Build/Products/Debug-iphonesimulator/vetify-qa.app iOS #0-0] Error: No aparecio ningun contexto WEBVIEW en 20s tras el launch
build-and-test	Run iOS smoke test (Appium + local Simulator, no BrowserStack)	2026-09-10T15:11:31.3860690Z [build/Build/Products/Debug-iphonesimulator/vetify-qa.app iOS #0-0]     at async Context.<anonymous> (/Users/runner/work/mobile/mobile/mobile/specs/example/app-launch.spec.ts:20:9)
build-and-test	Run iOS smoke test (Appium + local Simulator, no BrowserStack)	2026-09-10T15:11:31.3959590Z 
build-and-test	Run iOS smoke test (Appium + local Simulator, no BrowserStack)	2026-09-10T15:11:31.4060120Z 
build-and-test	Run iOS smoke test (Appium + local Simulator, no BrowserStack)	2026-09-10T15:11:31.4161980Z Spec Files:	 0 passed, 1 failed, 1 total (100% completed) in 00:05:22  
build-and-test	Run iOS smoke test (Appium + local Simulator, no BrowserStack)	2026-09-10T15:11:31.4261460Z 
build-and-test	Run iOS smoke test (Appium + local Simulator, no BrowserStack)	2026-09-10T15:11:31.4363850Z 2026-09-10T15:11:31.176Z INFO @wdio/local-runner: Shutting down spawned worker
build-and-test	Run iOS smoke test (Appium + local Simulator, no BrowserStack)	2026-09-10T15:11:31.4463790Z 2026-09-10T15:11:31.428Z INFO @wdio/local-runner: Waiting for 0 to shut down gracefully
build-and-test	Run iOS smoke test (Appium + local Simulator, no BrowserStack)	2026-09-10T15:11:31.4574230Z 2026-09-10T15:11:31.428Z INFO @wdio/local-runner: shutting down
build-and-test	Run iOS smoke test (Appium + local Simulator, no BrowserStack)	2026-09-10T15:11:31.4785400Z 2026-09-10T15:11:31.428Z INFO @wdio/cli:launcher: Run onComplete hook
build-and-test	Run iOS smoke test (Appium + local Simulator, no BrowserStack)	2026-09-10T15:11:31.4886350Z 2026-09-10T15:11:31.429Z INFO @wdio/appium-service: Killing entire Appium tree
build-and-test	Run iOS smoke test (Appium + local Simulator, no BrowserStack)	2026-09-10T15:11:31.6603420Z 2026-09-10T15:11:31.645Z INFO @wdio/appium-service: Process and its children successfully terminated
build-and-test	Run iOS smoke test (Appium + local Simulator, no BrowserStack)	2026-09-10T15:11:31.8719220Z ##[error]Process completed with exit code 1.
